###############################################################################
#                                                                             #
# IAR ELF Linker V6.50.5.4819/W32 for ARM               29/Sep/2016  20:41:58 #
# Copyright 2007-2013 IAR Systems AB.                                         #
#                                                                             #
#    Output file  =  C:\Work\Project_attempt_by_copy\Project\Peripheral_Examp #
#                    les\SysTick\EWARM\SysTick\Exe\SysTick.out                #
#    Map file     =  C:\Work\Project_attempt_by_copy\Project\Peripheral_Examp #
#                    les\SysTick\EWARM\SysTick\List\SysTick.map               #
#    Command line =  C:\Work\Project_attempt_by_copy\Project\Peripheral_Examp #
#                    les\SysTick\EWARM\SysTick\Obj\main.o                     #
#                    C:\Work\Project_attempt_by_copy\Project\Peripheral_Examp #
#                    les\SysTick\EWARM\SysTick\Obj\misc.o                     #
#                    C:\Work\Project_attempt_by_copy\Project\Peripheral_Examp #
#                    les\SysTick\EWARM\SysTick\Obj\startup_stm32f4xx.o        #
#                    C:\Work\Project_attempt_by_copy\Project\Peripheral_Examp #
#                    les\SysTick\EWARM\SysTick\Obj\stm32f4_discovery.o        #
#                    C:\Work\Project_attempt_by_copy\Project\Peripheral_Examp #
#                    les\SysTick\EWARM\SysTick\Obj\stm32f4xx_gpio.o           #
#                    C:\Work\Project_attempt_by_copy\Project\Peripheral_Examp #
#                    les\SysTick\EWARM\SysTick\Obj\stm32f4xx_it.o             #
#                    C:\Work\Project_attempt_by_copy\Project\Peripheral_Examp #
#                    les\SysTick\EWARM\SysTick\Obj\stm32f4xx_rcc.o            #
#                    C:\Work\Project_attempt_by_copy\Project\Peripheral_Examp #
#                    les\SysTick\EWARM\SysTick\Obj\stm32f4xx_usart.o          #
#                    C:\Work\Project_attempt_by_copy\Project\Peripheral_Examp #
#                    les\SysTick\EWARM\SysTick\Obj\system_stm32f4xx.o         #
#                    --redirect _Printf=_PrintfSmall --redirect               #
#                    _Scanf=_ScanfSmall -o C:\Work\Project_attempt_by_copy\Pr #
#                    oject\Peripheral_Examples\SysTick\EWARM\SysTick\Exe\SysT #
#                    ick.out --map C:\Work\Project_attempt_by_copy\Project\Pe #
#                    ripheral_Examples\SysTick\EWARM\SysTick\List\SysTick.map #
#                     --config C:\Work\Project_attempt_by_copy\Project\Periph #
#                    eral_Examples\SysTick\EWARM\stm32f4xx_flash.icf          #
#                    --semihosting --entry __iar_program_start --vfe          #
#                                                                             #
#                                                                             #
###############################################################################

*******************************************************************************
*** RUNTIME MODEL ATTRIBUTES
***

CppFlavor       = *
__SystemLibrary = DLib


*******************************************************************************
*** PLACEMENT SUMMARY
***

"A1":  place at 0x08000000 { ro section .intvec };
"P1":  place in [from 0x08000000 to 0x080fffff] { ro };
"P2":  place in [from 0x20000000 to 0x20020000] { rw, block CSTACK, block HEAP };

  Section            Kind        Address   Size  Object
  -------            ----        -------   ----  ------
"A1":                                     0x188
  .intvec            ro code  0x08000000  0x188  startup_stm32f4xx.o [1]
                            - 0x08000188  0x188

"P1":                                     0x774
  .text              ro code  0x08000188  0x13c  main.o [1]
  .text              ro code  0x080002c4   0xbc  stm32f4xx_rcc.o [1]
  .text              ro code  0x08000380   0x94  stm32f4xx_gpio.o [1]
  .text              ro code  0x08000414   0xc0  stm32f4xx_usart.o [1]
  .text              ro code  0x080004d4   0x8c  stm32f4_discovery.o [1]
  .text              ro code  0x08000560   0xe0  system_stm32f4xx.o [1]
  .text              ro code  0x08000640   0x2e  copy_init3.o [4]
  .text              ro code  0x0800066e   0x22  zero_init3.o [4]
  .text              ro code  0x08000690   0x28  data_init.o [4]
  .iar.init_table    const    0x080006b8   0x24  - Linker created -
  .text              ro code  0x080006dc   0x20  startup_stm32f4xx.o [1]
  .text              ro code  0x080006fc   0x16  cmain.o [4]
  .text              ro code  0x08000712    0x4  low_level_init.o [3]
  .text              ro code  0x08000716    0x4  exit.o [3]
  .text              ro code  0x0800071c    0xa  cexit.o [4]
  .text              ro code  0x08000728   0x14  exit.o [5]
  .text              ro code  0x0800073c   0x14  stm32f4xx_it.o [1]
  .text              ro code  0x08000750    0xc  cstartup_M.o [4]
  .text              ro code  0x0800075c    0x4  startup_stm32f4xx.o [1]
  .text              ro code  0x08000760    0x4  startup_stm32f4xx.o [1]
  .text              ro code  0x08000764    0x4  startup_stm32f4xx.o [1]
  .text              ro code  0x08000768    0x4  startup_stm32f4xx.o [1]
  .text              ro code  0x0800076c    0x4  startup_stm32f4xx.o [1]
  .text              ro code  0x08000770    0x4  startup_stm32f4xx.o [1]
  .text              ro code  0x08000774    0x4  startup_stm32f4xx.o [1]
  .text              ro code  0x08000778    0x4  startup_stm32f4xx.o [1]
  .text              ro code  0x0800077c    0x4  startup_stm32f4xx.o [1]
  .text              ro code  0x08000780    0x4  startup_stm32f4xx.o [1]
  .text              ro code  0x08000784    0x4  startup_stm32f4xx.o [1]
  .text              ro code  0x08000788    0x4  startup_stm32f4xx.o [1]
  .text              ro code  0x0800078c    0x4  startup_stm32f4xx.o [1]
  .text              ro code  0x08000790    0x4  startup_stm32f4xx.o [1]
  .text              ro code  0x08000794    0x4  startup_stm32f4xx.o [1]
  .text              ro code  0x08000798    0x4  startup_stm32f4xx.o [1]
  .text              ro code  0x0800079c    0x4  startup_stm32f4xx.o [1]
  .text              ro code  0x080007a0    0x4  startup_stm32f4xx.o [1]
  .text              ro code  0x080007a4    0x4  startup_stm32f4xx.o [1]
  .text              ro code  0x080007a8    0x4  startup_stm32f4xx.o [1]
  .text              ro code  0x080007ac    0x4  startup_stm32f4xx.o [1]
  .text              ro code  0x080007b0    0x4  startup_stm32f4xx.o [1]
  .text              ro code  0x080007b4    0x4  startup_stm32f4xx.o [1]
  .text              ro code  0x080007b8    0x4  startup_stm32f4xx.o [1]
  .text              ro code  0x080007bc    0x4  startup_stm32f4xx.o [1]
  .text              ro code  0x080007c0    0x4  startup_stm32f4xx.o [1]
  .text              ro code  0x080007c4    0x4  startup_stm32f4xx.o [1]
  .text              ro code  0x080007c8    0x4  startup_stm32f4xx.o [1]
  .text              ro code  0x080007cc    0x4  startup_stm32f4xx.o [1]
  .text              ro code  0x080007d0    0x4  startup_stm32f4xx.o [1]
  .text              ro code  0x080007d4    0x4  startup_stm32f4xx.o [1]
  .text              ro code  0x080007d8    0x4  startup_stm32f4xx.o [1]
  .text              ro code  0x080007dc    0x4  startup_stm32f4xx.o [1]
  .text              ro code  0x080007e0    0x4  startup_stm32f4xx.o [1]
  .text              ro code  0x080007e4    0x4  startup_stm32f4xx.o [1]
  .text              ro code  0x080007e8    0x4  startup_stm32f4xx.o [1]
  .text              ro code  0x080007ec    0x4  startup_stm32f4xx.o [1]
  .text              ro code  0x080007f0    0x4  startup_stm32f4xx.o [1]
  .text              ro code  0x080007f4    0x4  startup_stm32f4xx.o [1]
  .text              ro code  0x080007f8    0x4  startup_stm32f4xx.o [1]
  .text              ro code  0x080007fc    0x4  startup_stm32f4xx.o [1]
  .text              ro code  0x08000800    0x4  startup_stm32f4xx.o [1]
  .text              ro code  0x08000804    0x4  startup_stm32f4xx.o [1]
  .text              ro code  0x08000808    0x4  startup_stm32f4xx.o [1]
  .text              ro code  0x0800080c    0x4  startup_stm32f4xx.o [1]
  .text              ro code  0x08000810    0x4  startup_stm32f4xx.o [1]
  .text              ro code  0x08000814    0x4  startup_stm32f4xx.o [1]
  .text              ro code  0x08000818    0x4  startup_stm32f4xx.o [1]
  .text              ro code  0x0800081c    0x4  startup_stm32f4xx.o [1]
  .text              ro code  0x08000820    0x4  startup_stm32f4xx.o [1]
  .text              ro code  0x08000824    0x4  startup_stm32f4xx.o [1]
  .text              ro code  0x08000828    0x4  startup_stm32f4xx.o [1]
  .text              ro code  0x0800082c    0x4  startup_stm32f4xx.o [1]
  .text              ro code  0x08000830    0x4  startup_stm32f4xx.o [1]
  .text              ro code  0x08000834    0x4  startup_stm32f4xx.o [1]
  .text              ro code  0x08000838    0x4  startup_stm32f4xx.o [1]
  .text              ro code  0x0800083c    0x4  startup_stm32f4xx.o [1]
  .text              ro code  0x08000840    0x4  startup_stm32f4xx.o [1]
  .text              ro code  0x08000844    0x4  startup_stm32f4xx.o [1]
  .text              ro code  0x08000848    0x4  startup_stm32f4xx.o [1]
  .text              ro code  0x0800084c    0x4  startup_stm32f4xx.o [1]
  .text              ro code  0x08000850    0x4  startup_stm32f4xx.o [1]
  .text              ro code  0x08000854    0x4  startup_stm32f4xx.o [1]
  .text              ro code  0x08000858    0x4  startup_stm32f4xx.o [1]
  .text              ro code  0x0800085c    0x4  startup_stm32f4xx.o [1]
  .text              ro code  0x08000860    0x4  startup_stm32f4xx.o [1]
  .text              ro code  0x08000864    0x4  startup_stm32f4xx.o [1]
  .text              ro code  0x08000868    0x4  startup_stm32f4xx.o [1]
  .text              ro code  0x0800086c    0x4  startup_stm32f4xx.o [1]
  .text              ro code  0x08000870    0x4  startup_stm32f4xx.o [1]
  .text              ro code  0x08000874    0x4  startup_stm32f4xx.o [1]
  .text              ro code  0x08000878    0x4  startup_stm32f4xx.o [1]
  .text              ro code  0x0800087c    0x4  startup_stm32f4xx.o [1]
  .text              ro code  0x08000880    0x4  startup_stm32f4xx.o [1]
  .text              ro code  0x08000884    0x4  startup_stm32f4xx.o [1]
  .text              ro code  0x08000888    0x4  startup_stm32f4xx.o [1]
  .text              ro code  0x0800088c    0x4  startup_stm32f4xx.o [1]
  .text              ro code  0x08000890    0x4  startup_stm32f4xx.o [1]
  .text              ro code  0x08000894    0x4  startup_stm32f4xx.o [1]
  .text              ro code  0x08000898    0x4  startup_stm32f4xx.o [1]
  .text              ro code  0x0800089c    0x4  startup_stm32f4xx.o [1]
  .text              ro code  0x080008a0    0x4  startup_stm32f4xx.o [1]
  .text              ro code  0x080008a4    0x4  startup_stm32f4xx.o [1]
  .text              ro code  0x080008a8    0x4  startup_stm32f4xx.o [1]
  .text              ro code  0x080008ac    0x4  startup_stm32f4xx.o [1]
  .text              ro code  0x080008b0    0x4  startup_stm32f4xx.o [1]
  .text              ro code  0x080008b4    0x4  startup_stm32f4xx.o [1]
  .text              ro code  0x080008b8    0x4  startup_stm32f4xx.o [1]
  .text              ro code  0x080008bc    0x4  startup_stm32f4xx.o [1]
  .text              ro code  0x080008c0    0x4  startup_stm32f4xx.o [1]
  .text              ro code  0x080008c4    0x4  startup_stm32f4xx.o [1]
  .rodata            const    0x080008c8    0x0  zero_init3.o [4]
  .rodata            const    0x080008c8    0x0  copy_init3.o [4]
  Initializer bytes  ro data  0x080008c8   0x34  <for P2 s0>
                            - 0x080008fc  0x774

"P2", part 1 of 3:                         0x34
  P2 s0                       0x20000000   0x34  <Init block>
    .data            inited   0x20000000   0x14  system_stm32f4xx.o [1]
    .data            inited   0x20000014   0x10  stm32f4_discovery.o [1]
    .data            inited   0x20000024   0x10  stm32f4xx_rcc.o [1]
                            - 0x20000034   0x34

"P2", part 2 of 3:                          0x4
  .bss               zero     0x20000034    0x4  main.o [1]
                            - 0x20000038    0x4

"P2", part 3 of 3:                        0x400
  CSTACK                      0x20000038  0x400  <Block>
    CSTACK           uninit   0x20000038  0x400  <Block tail>
                            - 0x20000438  0x400


*******************************************************************************
*** INIT TABLE
***

          Address     Size
          -------     ----
Zero (__iar_zero_init3)
    1 destination range, total size 0x4:
          0x20000034   0x4

Copy (__iar_copy_init3)
    1 source range, total size 0x34:
          0x080008c8  0x34
    1 destination range, total size 0x34:
          0x20000000  0x34



*******************************************************************************
*** MODULE SUMMARY
***

    Module               ro code  ro data  rw data
    ------               -------  -------  -------
C:\Work\Project_attempt_by_copy\Project\Peripheral_Examples\SysTick\EWARM\SysTick\Obj: [1]
    main.o                   316                 4
    startup_stm32f4xx.o      788
    stm32f4_discovery.o      140       16       16
    stm32f4xx_gpio.o         148
    stm32f4xx_it.o            20
    stm32f4xx_rcc.o          188       16       16
    stm32f4xx_usart.o        192
    system_stm32f4xx.o       224       20       20
    ----------------------------------------------
    Total:                 2 016       52       56

command line: [2]
    ----------------------------------------------
    Total:

dl7M_tln.a: [3]
    exit.o                     4
    low_level_init.o           4
    ----------------------------------------------
    Total:                     8

rt7M_tl.a: [4]
    cexit.o                   10
    cmain.o                   22
    copy_init3.o              46
    cstartup_M.o              12
    data_init.o               40
    zero_init3.o              34
    ----------------------------------------------
    Total:                   164

shb_l.a: [5]
    exit.o                    20
    ----------------------------------------------
    Total:                    20

    Gaps                       4
    Linker created                     36    1 024
--------------------------------------------------
    Grand Total:           2 212       88    1 080


*******************************************************************************
*** ENTRY LIST
***

Entry                      Address   Size  Type      Object
-----                      -------   ----  ----      ------
?main                   0x080006fd         Code  Gb  cmain.o [4]
ADC_IRQHandler          0x080007c9         Code  Wk  startup_stm32f4xx.o [1]
AHBPrescTable           0x20000000   0x10  Data  Gb  system_stm32f4xx.o [1]
APBAHBPrescTable        0x20000024   0x10  Data  Lc  stm32f4xx_rcc.o [1]
BusFault_Handler        0x08000743    0x2  Code  Gb  stm32f4xx_it.o [1]
CAN1_RX0_IRQHandler     0x080007d1         Code  Wk  startup_stm32f4xx.o [1]
CAN1_RX1_IRQHandler     0x080007d5         Code  Wk  startup_stm32f4xx.o [1]
CAN1_SCE_IRQHandler     0x080007d9         Code  Wk  startup_stm32f4xx.o [1]
CAN1_TX_IRQHandler      0x080007cd         Code  Wk  startup_stm32f4xx.o [1]
CAN2_RX0_IRQHandler     0x08000881         Code  Wk  startup_stm32f4xx.o [1]
CAN2_RX1_IRQHandler     0x08000885         Code  Wk  startup_stm32f4xx.o [1]
CAN2_SCE_IRQHandler     0x08000889         Code  Wk  startup_stm32f4xx.o [1]
CAN2_TX_IRQHandler      0x0800087d         Code  Wk  startup_stm32f4xx.o [1]
CRYP_IRQHandler         0x080008bd         Code  Wk  startup_stm32f4xx.o [1]
CSTACK$$Base            0x20000038          --   Gb  - Linker created -
CSTACK$$Limit           0x20000438          --   Gb  - Linker created -
DCMI_IRQHandler         0x080008b9         Code  Wk  startup_stm32f4xx.o [1]
DMA1_Stream0_IRQHandler
                        0x080007ad         Code  Wk  startup_stm32f4xx.o [1]
DMA1_Stream1_IRQHandler
                        0x080007b1         Code  Wk  startup_stm32f4xx.o [1]
DMA1_Stream2_IRQHandler
                        0x080007b5         Code  Wk  startup_stm32f4xx.o [1]
DMA1_Stream3_IRQHandler
                        0x080007b9         Code  Wk  startup_stm32f4xx.o [1]
DMA1_Stream4_IRQHandler
                        0x080007bd         Code  Wk  startup_stm32f4xx.o [1]
DMA1_Stream5_IRQHandler
                        0x080007c1         Code  Wk  startup_stm32f4xx.o [1]
DMA1_Stream6_IRQHandler
                        0x080007c5         Code  Wk  startup_stm32f4xx.o [1]
DMA1_Stream7_IRQHandler
                        0x0800083d         Code  Wk  startup_stm32f4xx.o [1]
DMA2_Stream0_IRQHandler
                        0x08000861         Code  Wk  startup_stm32f4xx.o [1]
DMA2_Stream1_IRQHandler
                        0x08000865         Code  Wk  startup_stm32f4xx.o [1]
DMA2_Stream2_IRQHandler
                        0x08000869         Code  Wk  startup_stm32f4xx.o [1]
DMA2_Stream3_IRQHandler
                        0x0800086d         Code  Wk  startup_stm32f4xx.o [1]
DMA2_Stream4_IRQHandler
                        0x08000871         Code  Wk  startup_stm32f4xx.o [1]
DMA2_Stream5_IRQHandler
                        0x08000891         Code  Wk  startup_stm32f4xx.o [1]
DMA2_Stream6_IRQHandler
                        0x08000895         Code  Wk  startup_stm32f4xx.o [1]
DMA2_Stream7_IRQHandler
                        0x08000899         Code  Wk  startup_stm32f4xx.o [1]
DebugMon_Handler        0x08000749    0x2  Code  Gb  stm32f4xx_it.o [1]
Delay                   0x0800028d   0x12  Code  Gb  main.o [1]
ETH_IRQHandler          0x08000875         Code  Wk  startup_stm32f4xx.o [1]
ETH_WKUP_IRQHandler     0x08000879         Code  Wk  startup_stm32f4xx.o [1]
EXTI0_IRQHandler        0x08000799         Code  Wk  startup_stm32f4xx.o [1]
EXTI15_10_IRQHandler    0x08000821         Code  Wk  startup_stm32f4xx.o [1]
EXTI1_IRQHandler        0x0800079d         Code  Wk  startup_stm32f4xx.o [1]
EXTI2_IRQHandler        0x080007a1         Code  Wk  startup_stm32f4xx.o [1]
EXTI3_IRQHandler        0x080007a5         Code  Wk  startup_stm32f4xx.o [1]
EXTI4_IRQHandler        0x080007a9         Code  Wk  startup_stm32f4xx.o [1]
EXTI9_5_IRQHandler      0x080007dd         Code  Wk  startup_stm32f4xx.o [1]
FLASH_IRQHandler        0x08000791         Code  Wk  startup_stm32f4xx.o [1]
FPU_IRQHandler          0x080008c5         Code  Wk  startup_stm32f4xx.o [1]
FSMC_IRQHandler         0x08000841         Code  Wk  startup_stm32f4xx.o [1]
GPIO_CLK                0x08000550   0x10  Data  Gb  stm32f4_discovery.o [1]
GPIO_Init               0x08000381   0x70  Code  Gb  stm32f4xx_gpio.o [1]
GPIO_PIN                0x08000548    0x8  Data  Gb  stm32f4_discovery.o [1]
GPIO_PORT               0x20000014   0x10  Data  Gb  stm32f4_discovery.o [1]
GPIO_PinAFConfig        0x080003f1   0x24  Code  Gb  stm32f4xx_gpio.o [1]
HASH_RNG_IRQHandler     0x080008c1         Code  Wk  startup_stm32f4xx.o [1]
HardFault_Handler       0x0800073f    0x2  Code  Gb  stm32f4xx_it.o [1]
I2C1_ER_IRQHandler      0x08000801         Code  Wk  startup_stm32f4xx.o [1]
I2C1_EV_IRQHandler      0x080007fd         Code  Wk  startup_stm32f4xx.o [1]
I2C2_ER_IRQHandler      0x08000809         Code  Wk  startup_stm32f4xx.o [1]
I2C2_EV_IRQHandler      0x08000805         Code  Wk  startup_stm32f4xx.o [1]
I2C3_ER_IRQHandler      0x080008a5         Code  Wk  startup_stm32f4xx.o [1]
I2C3_EV_IRQHandler      0x080008a1         Code  Wk  startup_stm32f4xx.o [1]
MemManage_Handler       0x08000741    0x2  Code  Gb  stm32f4xx_it.o [1]
NMI_Handler             0x0800073d    0x2  Code  Gb  stm32f4xx_it.o [1]
OTG_FS_IRQHandler       0x0800088d         Code  Wk  startup_stm32f4xx.o [1]
OTG_FS_WKUP_IRQHandler  0x08000829         Code  Wk  startup_stm32f4xx.o [1]
OTG_HS_EP1_IN_IRQHandler
                        0x080008ad         Code  Wk  startup_stm32f4xx.o [1]
OTG_HS_EP1_OUT_IRQHandler
                        0x080008a9         Code  Wk  startup_stm32f4xx.o [1]
OTG_HS_IRQHandler       0x080008b5         Code  Wk  startup_stm32f4xx.o [1]
OTG_HS_WKUP_IRQHandler  0x080008b1         Code  Wk  startup_stm32f4xx.o [1]
PVD_IRQHandler          0x08000785         Code  Wk  startup_stm32f4xx.o [1]
PendSV_Handler          0x0800074b    0x2  Code  Gb  stm32f4xx_it.o [1]
RCC_AHB1PeriphClockCmd  0x08000345   0x12  Code  Gb  stm32f4xx_rcc.o [1]
RCC_APB2PeriphClockCmd  0x08000357   0x12  Code  Gb  stm32f4xx_rcc.o [1]
RCC_GetClocksFreq       0x080002c5   0x80  Code  Gb  stm32f4xx_rcc.o [1]
RCC_IRQHandler          0x08000795         Code  Wk  startup_stm32f4xx.o [1]
RTC_Alarm_IRQHandler    0x08000825         Code  Wk  startup_stm32f4xx.o [1]
RTC_WKUP_IRQHandler     0x0800078d         Code  Wk  startup_stm32f4xx.o [1]
Region$$Table$$Base     0x080006b8          --   Gb  - Linker created -
Region$$Table$$Limit    0x080006dc          --   Gb  - Linker created -
Reset_Handler           0x080006dd         Code  Wk  startup_stm32f4xx.o [1]
SDIO_IRQHandler         0x08000845         Code  Wk  startup_stm32f4xx.o [1]
SPI1_IRQHandler         0x0800080d         Code  Wk  startup_stm32f4xx.o [1]
SPI2_IRQHandler         0x08000811         Code  Wk  startup_stm32f4xx.o [1]
SPI3_IRQHandler         0x0800084d         Code  Wk  startup_stm32f4xx.o [1]
STM_EVAL_LEDInit        0x080004d5   0x3c  Code  Gb  stm32f4_discovery.o [1]
STM_EVAL_LEDOn          0x08000511   0x12  Code  Gb  stm32f4_discovery.o [1]
STM_EVAL_LEDToggle      0x08000523   0x16  Code  Gb  stm32f4_discovery.o [1]
SVC_Handler             0x08000747    0x2  Code  Gb  stm32f4xx_it.o [1]
SysTick_Handler         0x0800074d    0x4  Code  Gb  stm32f4xx_it.o [1]
SystemCoreClock         0x20000010    0x4  Data  Gb  system_stm32f4xx.o [1]
SystemInit              0x08000561   0xc4  Code  Gb  system_stm32f4xx.o [1]
TAMP_STAMP_IRQHandler   0x08000789         Code  Wk  startup_stm32f4xx.o [1]
TIM1_BRK_TIM9_IRQHandler
                        0x080007e1         Code  Wk  startup_stm32f4xx.o [1]
TIM1_CC_IRQHandler      0x080007ed         Code  Wk  startup_stm32f4xx.o [1]
TIM1_TRG_COM_TIM11_IRQHandler
                        0x080007e9         Code  Wk  startup_stm32f4xx.o [1]
TIM1_UP_TIM10_IRQHandler
                        0x080007e5         Code  Wk  startup_stm32f4xx.o [1]
TIM2_IRQHandler         0x080007f1         Code  Wk  startup_stm32f4xx.o [1]
TIM3_IRQHandler         0x080007f5         Code  Wk  startup_stm32f4xx.o [1]
TIM4_IRQHandler         0x080007f9         Code  Wk  startup_stm32f4xx.o [1]
TIM5_IRQHandler         0x08000849         Code  Wk  startup_stm32f4xx.o [1]
TIM6_DAC_IRQHandler     0x08000859         Code  Wk  startup_stm32f4xx.o [1]
TIM7_IRQHandler         0x0800085d         Code  Wk  startup_stm32f4xx.o [1]
TIM8_BRK_TIM12_IRQHandler
                        0x0800082d         Code  Wk  startup_stm32f4xx.o [1]
TIM8_CC_IRQHandler      0x08000839         Code  Wk  startup_stm32f4xx.o [1]
TIM8_TRG_COM_TIM14_IRQHandler
                        0x08000835         Code  Wk  startup_stm32f4xx.o [1]
TIM8_UP_TIM13_IRQHandler
                        0x08000831         Code  Wk  startup_stm32f4xx.o [1]
TimingDelay             0x20000034    0x4  Data  Lc  main.o [1]
TimingDelay_Decrement   0x0800029f    0xe  Code  Gb  main.o [1]
UART4_IRQHandler        0x08000851         Code  Wk  startup_stm32f4xx.o [1]
UART5_IRQHandler        0x08000855         Code  Wk  startup_stm32f4xx.o [1]
USART1_IRQHandler       0x08000815         Code  Wk  startup_stm32f4xx.o [1]
USART2_IRQHandler       0x08000819         Code  Wk  startup_stm32f4xx.o [1]
USART3_IRQHandler       0x0800081d         Code  Wk  startup_stm32f4xx.o [1]
USART6_IRQHandler       0x0800089d         Code  Wk  startup_stm32f4xx.o [1]
USART_Cmd               0x080004b9   0x14  Code  Gb  stm32f4xx_usart.o [1]
USART_Init              0x08000415   0x9a  Code  Gb  stm32f4xx_usart.o [1]
USART_SendData          0x080004cd    0x8  Code  Gb  stm32f4xx_usart.o [1]
UsageFault_Handler      0x08000745    0x2  Code  Gb  stm32f4xx_it.o [1]
WWDG_IRQHandler         0x08000781         Code  Wk  startup_stm32f4xx.o [1]
__cmain                 0x080006fd         Code  Gb  cmain.o [4]
__exit                  0x08000729   0x14  Code  Gb  exit.o [5]
__iar_copy_init3        0x08000641   0x2e  Code  Gb  copy_init3.o [4]
__iar_data_init3        0x08000691   0x28  Code  Gb  data_init.o [4]
__iar_program_start     0x08000751         Code  Gb  cstartup_M.o [4]
__iar_zero_init3        0x0800066f   0x22  Code  Gb  zero_init3.o [4]
__low_level_init        0x08000713    0x4  Code  Gb  low_level_init.o [3]
__vector_table          0x08000000         Data  Gb  startup_stm32f4xx.o [1]
_call_main              0x08000709         Code  Gb  cmain.o [4]
_exit                   0x0800071d         Code  Gb  cexit.o [4]
_main                   0x0800070f         Code  Gb  cmain.o [4]
exit                    0x08000717    0x4  Code  Gb  exit.o [3]
main                    0x08000189  0x104  Code  Gb  main.o [1]


[1] = C:\Work\Project_attempt_by_copy\Project\Peripheral_Examples\SysTick\EWARM\SysTick\Obj
[2] = command line
[3] = dl7M_tln.a
[4] = rt7M_tl.a
[5] = shb_l.a

  2 212 bytes of readonly  code memory
     88 bytes of readonly  data memory
  1 080 bytes of readwrite data memory

Errors: none
Warnings: none
